Info: Generated by version: 25.1.1 build 125
Info: Starting: Create simulation model
Info: qsys-generate /tmp/main-c9e248-216f3d/ip/mpsim/const_lambda_1_en_cfan.ip --simulation=VERILOG --allow-mixed-language-simulation --output-directory=/tmp/main-c9e248-216f3d/ip/mpsim/const_lambda_1_en_cfan --family="Agilex 7" --part=AGFA006R16A2E1V
Info: const_lambda_1_en_cfan: "Transforming system: const_lambda_1_en_cfan"
Info: const_lambda_1_en_cfan: "Naming system components in system: const_lambda_1_en_cfan"
Info: const_lambda_1_en_cfan: "Processing generation queue"
Info: const_lambda_1_en_cfan: "Generating: const_lambda_1_en_cfan"
Info: const_lambda_1_en_cfan: "Generating: const_lambda_1_en_cfan_avalon_conduit_fanout_10_xkdeykq"
Info: const_lambda_1_en_cfan: Done "const_lambda_1_en_cfan" with 2 modules, 2 files
Info: Generating the following file(s) for VCSMX simulator in /tmp/main-c9e248-216f3d/ip/mpsim/const_lambda_1_en_cfan/sim/ directory:
Info: 	common/vcsmx_files.tcl
Info: Generating the following file(s) for MODELSIM simulator in /tmp/main-c9e248-216f3d/ip/mpsim/const_lambda_1_en_cfan/sim/ directory:
Info: 	common/modelsim_files.tcl
Info: Generating the following file(s) for VCS simulator in /tmp/main-c9e248-216f3d/ip/mpsim/const_lambda_1_en_cfan/sim/ directory:
Info: 	common/vcs_files.tcl
Info: Generating the following file(s) for XCELIUM simulator in /tmp/main-c9e248-216f3d/ip/mpsim/const_lambda_1_en_cfan/sim/ directory:
Info: 	common/xcelium_files.tcl
Info: Generating the following file(s) for RIVIERA simulator in /tmp/main-c9e248-216f3d/ip/mpsim/const_lambda_1_en_cfan/sim/ directory:
Info: 	common/riviera_files.tcl
Info: For information on how to simulate your IP, see the explanatory comments in the simulator-specific subdirectories under /tmp/main-c9e248-216f3d/ip/mpsim/const_lambda_1_en_cfan/sim/.
Info: Regenerate these scripts whenever you make any change to any Quartus-generated IP in your project.
Info: Finished: Create simulation model
Info: Starting: Create simulation script
Info: sim-script-gen --system-file=/tmp/main-c9e248-216f3d/ip/mpsim/const_lambda_1_en_cfan.ip --output-directory=/tmp/main-c9e248-216f3d/ip/mpsim/const_lambda_1_en_cfan/sim/ --use-relative-paths=true --modelsim-flow=traditional
Info: Generating the following file(s) for VCSMX simulator in /tmp/main-c9e248-216f3d/ip/mpsim/const_lambda_1_en_cfan/sim/ directory:
Info: 	synopsys/vcsmx/_device_synopsys_sim.setup
Info: 	synopsys/vcsmx/synopsys_sim.setup
Info: 	synopsys/vcsmx/vcsmx_setup.sh
Info: Generating the following file(s) for MODELSIM simulator in /tmp/main-c9e248-216f3d/ip/mpsim/const_lambda_1_en_cfan/sim/ directory:
Info: 	mentor/msim_setup.tcl
Info: 	mentor/run_msim_setup.tcl
Info: Generating the following file(s) for VCS simulator in /tmp/main-c9e248-216f3d/ip/mpsim/const_lambda_1_en_cfan/sim/ directory:
Info: 	synopsys/vcs/vcs_setup.sh
Info: Generating the following file(s) for XCELIUM simulator in /tmp/main-c9e248-216f3d/ip/mpsim/const_lambda_1_en_cfan/sim/ directory:
Info: 	xcelium/cds.lib
Info: 	xcelium/hdl.var
Info: 	xcelium/xcelium_setup.sh
Info: 	3 .cds.lib files in xcelium/cds_libs/ directory
Info: Generating the following file(s) for RIVIERA simulator in /tmp/main-c9e248-216f3d/ip/mpsim/const_lambda_1_en_cfan/sim/ directory:
Info: 	aldec/rivierapro_setup.tcl
Info: 	aldec/run_rivierapro_setup.tcl
Info: For information on how to simulate your IP, see the explanatory comments in the simulator-specific subdirectories under /tmp/main-c9e248-216f3d/ip/mpsim/const_lambda_1_en_cfan/sim/.
Info: Regenerate these scripts whenever you make any change to any Quartus-generated IP in your project.
Info: Finished: Create simulation script
