Info: Generated by version: 25.1.1 build 125
Info: Starting: Create simulation model
Info: qsys-generate /tmp/main-c9e248-216f3d/ip/kernel_system/kernel_system_clk_1x.ip --simulation=VERILOG --allow-mixed-language-simulation --output-directory=/tmp/main-c9e248-216f3d/ip/kernel_system/kernel_system_clk_1x --family="Agilex 7" --part=AGFA006R16A2E1V
Info: kernel_system_clk_1x: "Transforming system: kernel_system_clk_1x"
Info: kernel_system_clk_1x: "Naming system components in system: kernel_system_clk_1x"
Info: kernel_system_clk_1x: "Processing generation queue"
Info: kernel_system_clk_1x: "Generating: kernel_system_clk_1x"
Info: kernel_system_clk_1x: Done "kernel_system_clk_1x" with 1 modules, 1 files
Info: Generating the following file(s) for MODELSIM simulator in /tmp/main-c9e248-216f3d/ip/kernel_system/kernel_system_clk_1x/sim/ directory:
Info: 	common/modelsim_files.tcl
Info: Generating the following file(s) for RIVIERA simulator in /tmp/main-c9e248-216f3d/ip/kernel_system/kernel_system_clk_1x/sim/ directory:
Info: 	common/riviera_files.tcl
Info: Generating the following file(s) for XCELIUM simulator in /tmp/main-c9e248-216f3d/ip/kernel_system/kernel_system_clk_1x/sim/ directory:
Info: 	common/xcelium_files.tcl
Info: Generating the following file(s) for VCSMX simulator in /tmp/main-c9e248-216f3d/ip/kernel_system/kernel_system_clk_1x/sim/ directory:
Info: 	common/vcsmx_files.tcl
Info: Generating the following file(s) for VCS simulator in /tmp/main-c9e248-216f3d/ip/kernel_system/kernel_system_clk_1x/sim/ directory:
Info: 	common/vcs_files.tcl
Info: For information on how to simulate your IP, see the explanatory comments in the simulator-specific subdirectories under /tmp/main-c9e248-216f3d/ip/kernel_system/kernel_system_clk_1x/sim/.
Info: Regenerate these scripts whenever you make any change to any Quartus-generated IP in your project.
Info: Finished: Create simulation model
Info: Starting: Create simulation script
Info: sim-script-gen --system-file=/tmp/main-c9e248-216f3d/ip/kernel_system/kernel_system_clk_1x.ip --output-directory=/tmp/main-c9e248-216f3d/ip/kernel_system/kernel_system_clk_1x/sim/ --use-relative-paths=true --modelsim-flow=traditional
Info: Generating the following file(s) for MODELSIM simulator in /tmp/main-c9e248-216f3d/ip/kernel_system/kernel_system_clk_1x/sim/ directory:
Info: 	mentor/msim_setup.tcl
Info: 	mentor/run_msim_setup.tcl
Info: Generating the following file(s) for RIVIERA simulator in /tmp/main-c9e248-216f3d/ip/kernel_system/kernel_system_clk_1x/sim/ directory:
Info: 	aldec/rivierapro_setup.tcl
Info: 	aldec/run_rivierapro_setup.tcl
Info: Generating the following file(s) for XCELIUM simulator in /tmp/main-c9e248-216f3d/ip/kernel_system/kernel_system_clk_1x/sim/ directory:
Info: 	xcelium/cds.lib
Info: 	xcelium/hdl.var
Info: 	xcelium/xcelium_setup.sh
Info: 	2 .cds.lib files in xcelium/cds_libs/ directory
Info: Generating the following file(s) for VCSMX simulator in /tmp/main-c9e248-216f3d/ip/kernel_system/kernel_system_clk_1x/sim/ directory:
Info: 	synopsys/vcsmx/_device_synopsys_sim.setup
Info: 	synopsys/vcsmx/synopsys_sim.setup
Info: 	synopsys/vcsmx/vcsmx_setup.sh
Info: Generating the following file(s) for VCS simulator in /tmp/main-c9e248-216f3d/ip/kernel_system/kernel_system_clk_1x/sim/ directory:
Info: 	synopsys/vcs/vcs_setup.sh
Info: For information on how to simulate your IP, see the explanatory comments in the simulator-specific subdirectories under /tmp/main-c9e248-216f3d/ip/kernel_system/kernel_system_clk_1x/sim/.
Info: Regenerate these scripts whenever you make any change to any Quartus-generated IP in your project.
Info: Finished: Create simulation script
